// Jest Snapshot v1, https://goo.gl/fbAQLP

exports[`Captura del componente <Table.jsx> Fotito :3 1`] = `
<div>
  <div>
    Table
  </div>
</div>
`;
